// Jest Snapshot v1, https://goo.gl/fbAQLP

exports[`should render WaitingTasks component 1`] = `
<article
  className="tasks-wrap"
>
  <header>
    Zadania w kolejce
  </header>
  <ul>
    <li
      className="task"
    >
      <p>
        <span>
          czas: 
        </span>
         
        5
         sekund 
      </p>
      <p>
        <span>
          priorytet: 
        </span>
         
        3
      </p>
      <button
        className="delete-btn"
        onClick={[Function]}
      >
        usu≈Ñ
      </button>
    </li>
  </ul>
</article>
`;
